
  Scanning sources for module dependencies...
  modules.vcxproj -> C:\Users\Bohdan\Documents\GitHub\Spectrum\projects\modules\output\win64\vs2026_release_win64_d3d12_debug\modules.lib
  Scanning sources for module dependencies...
  core.vcxproj -> C:\Users\Bohdan\Documents\GitHub\Spectrum\projects\core\output\win64\vs2026_release_win64_d3d12_debug\core.lib
  Copy files to output paths...
  Scanning sources for module dependencies...
  sigparser.vcxproj -> C:\Users\Bohdan\Documents\GitHub\Spectrum\bin\debug\sigparser.exe
  hal.vcxproj -> C:\Users\Bohdan\Documents\GitHub\Spectrum\projects\hal\output\win64\vs2026_release_win64_d3d12_debug\hal.lib
  Scanning sources for module dependencies...
  VSM.ixx
  Compiling...
  VSM.ixx
  Graphics.ixx
  FrameGraph.Debug.ixx
  FrameGraph.Debug.Timeline.cpp
  VoxelGIGraph.cpp
  MaterialAsset.cpp
  Skin.cpp
  MeshletGeneration.cpp
  Label.cpp
  TextSystem.cpp
  FrameGraph.Debug.cpp
  StatGraph.cpp
  AssimpLoader.cpp
  VSM.cpp
  SceneObject.cpp
  PassDefaults.cpp
  PSSM.cpp
  StencilRenderer.cpp
  Canvas.cpp
C:\Users\Bohdan\Documents\GitHub\Spectrum\sources\RenderSystem\FrameGraph\bend_sss_cpu.h(89,63): warning C4244: '=': conversion from 'int' to 'float', possible loss of data [C:\Users\Bohdan\Documents\GitHub\Spectrum\projects\rendersystem\rendersystem.vcxproj]
  (compiling source file '../../sources/RenderSystem/FrameGraph/PassDefaults.cpp')
  
  rendersystem.vcxproj -> C:\Users\Bohdan\Documents\GitHub\Spectrum\projects\rendersystem\output\win64\vs2026_release_win64_d3d12_debug\rendersystem.lib
  Copy files to output paths...
  Copy files to output paths...
  Scanning sources for module dependencies...
  Compiling...
  main.cpp
  Test.RTX.ixx
  Test.HAL.ixx
     Creating library ..\..\bin\debug\test.lib and object ..\..\bin\debug\test.exp
  test.vcxproj -> C:\Users\Bohdan\Documents\GitHub\Spectrum\bin\debug\test.exe
  'pwsh.exe' is not recognized as an internal or external command,
  operable program or batch file.
     Creating library ..\..\bin\debug\spectrum.lib and object ..\..\bin\debug\spectrum.exp
  spectrum.vcxproj -> C:\Users\Bohdan\Documents\GitHub\Spectrum\bin\debug\spectrum.exe
  'pwsh.exe' is not recognized as an internal or external command,
  operable program or batch file.
