
C:\Users\Bohdan\Documents\GitHub\Spectrum>Sharpmake\output\bin\Sharpmake.Application\release\Sharpmake.Application.exe "/sources(@'main.sharpmake.cs')" 
sharpmake 0.14.8
  arguments: /sources(@'main.sharpmake.cs')
  directory: C:\Users\Bohdan\Documents\GitHub\Spectrum
  platform: win64 - Microsoft Windows 10.0.26200
  compiled with framework: .NET 8.0
  running on framework: .NET 8.0.29

  building projects and solutions configurations using 16 tasks...
    build done in 0.2 sec
  linking projects dependencies...
    link done in 0.0 sec
  generating projects and solutions...
    generation done in 0.2 sec
  4 projects generated:
    c:\users\bohdan\documents\github\spectrum\projects\hal\hal.vcxproj
    c:\users\bohdan\documents\github\spectrum\projects\hal\hal.vcxproj.filters
    c:\users\bohdan\documents\github\spectrum\projects\resources\resources.vcxproj
    c:\users\bohdan\documents\github\spectrum\projects\resources\resources.vcxproj.filters
  Results:
    projects  (   48 configurations)     4 generated,    18 up-to-date
    solutions (    6 configurations)     0 generated,     1 up-to-date
  time: 2.82 sec.
  completed on 08/03/2026 16:18:58.
0 errors, 0 warnings
